<?xml version="1.0" encoding="UTF-8"?>
<testsuites name="jest tests" tests="6" failures="0" time="10.153">
  <testsuite name="button" errors="0" failures="0" skipped="0" timestamp="2019-09-17T07:43:01" time="3.816" tests="1">
    <testcase classname="button 是个 div" name="button 是个 div" time="0.041">
    </testcase>
  </testsuite>
  <testsuite name="classes" errors="0" failures="0" skipped="0" timestamp="2019-09-17T07:43:01" time="3.955" tests="2">
    <testcase classname="classes 接受一个className" name="classes 接受一个className" time="0.009">
    </testcase>
    <testcase classname="classes 接受两个className" name="classes 接受两个className" time="0.001">
    </testcase>
  </testsuite>
  <testsuite name="我的第一个测试用例" errors="0" failures="0" skipped="0" timestamp="2019-09-17T07:43:05" time="0.468" tests="1">
    <testcase classname="我的第一个测试用例 add(1,2) 等于 3" name="我的第一个测试用例 add(1,2) 等于 3" time="0.014">
    </testcase>
  </testsuite>
  <testsuite name="icon" errors="0" failures="0" skipped="0" timestamp="2019-09-17T07:43:01" time="6.833" tests="2">
    <testcase classname="icon render success 是个 svg" name="icon render success 是个 svg" time="0.017">
    </testcase>
    <testcase classname="icon onClick" name="icon onClick" time="0.054">
    </testcase>
  </testsuite>
</testsuites>